// Jest Snapshot v1, https://goo.gl/fbAQLP

exports[`Input Number should render 1`] = `
.emotion-0 {
  type: number;
  border-radius: 4px;
  width: 50px;
}

<input
  className="emotion-0"
  max="100"
  min="1"
/>
`;
