// Jest Snapshot v1, https://goo.gl/fbAQLP

exports[`Form should render 1`] = `
<div>
  I'm form
</div>
`;
