// Jest Snapshot v1, https://goo.gl/fbAQLP

exports[`Name Form should render 1`] = `
.emotion-3 {
  width: 200px;
  height: 120px;
  padding: 10px 10px 10px 10px;
  border: solid 1px black;
  background-color: #011627;
  display: -webkit-box;
  display: -webkit-flex;
  display: -ms-flexbox;
  display: flex;
  -webkit-flex-direction: column;
  -ms-flex-direction: column;
  flex-direction: column;
  -webkit-box-pack: space-around;
  -webkit-justify-content: space-around;
  -ms-flex-pack: space-around;
  justify-content: space-around;
  -webkit-align-items: center;
  -webkit-box-align: center;
  -ms-flex-align: center;
  align-items: center;
}

.emotion-0 {
  margin-right: 10px;
  margin-left: 10px;
  color: #addb67;
  font-family: Inconsolata,monospace;
}

.emotion-1 {
  font-family: Inconsolata,monospace;
  border-radius: 2px;
  border: 1px solid;
  background: transparent;
  color: #addb67;
}

.emotion-2 {
  margin-left: 7px;
  margin-right: 7px;
  border-radius: 4px;
  border: none;
  background-color: #addb67;
  color: #011627;
  font-family: Inconsolata,monospace;
}

<form
  className="emotion-3"
  onSubmit={[Function]}
>
  <label
    className="emotion-0"
  >
    Hello there!
  </label>
  <input
    className="emotion-1"
    onChange={[Function]}
    placeholder="Enter your name"
    type="text"
    value=""
  />
  <button
    className="emotion-2"
    type="submit"
  >
    Start
  </button>
</form>
`;
