// Jest Snapshot v1, https://goo.gl/fbAQLP

exports[`App should render 1`] = `
<BrowserRouter>
  <ul>
    <li>
      <Link
        to="/login"
      >
        Login
      </Link>
    </li>
    <li>
      <Link
        to="/forbidden"
      >
        Forbidden
      </Link>
    </li>
    <li>
      <Link
        to="/"
      >
        Game
      </Link>
    </li>
  </ul>
  <Switch>
    <Route
      exact={true}
      path="/login"
    >
      <LoginScreen />
    </Route>
    <Route
      exact={true}
      path="/forbidden"
    >
      <ForbiddenScreen />
    </Route>
    <Route
      exact={true}
      path="/"
    >
      <Component />
    </Route>
  </Switch>
</BrowserRouter>
`;
